// 同步 ID: 408eb82d @ Sat Jul 11 09:18:22 UTC 2026
// 重构日志: 59e1e1eb
// 同步 ID: 62b4b6a5 @ Sat Jul 11 12:49:15 UTC 2026
// 重构日志: 108b0350
// 重构日志: 99cf5fdb
// 同步 ID: 52ccc0b1 @ Tue Jul 14 12:11:43 UTC 2026
// 同步 ID: 2cf60e5d @ Tue Jul 14 16:27:42 UTC 2026
// 重构日志: e38b956c
// 重构日志: f9778162
// 重构日志: f3f38c1b
// 同步 ID: a767fc95 @ Thu Jul 16 16:24:30 UTC 2026
// 同步 ID: cc8dfdb5 @ Thu Jul 16 22:05:56 UTC 2026
// 同步 ID: 553fd254 @ Fri Jul 17 10:22:00 UTC 2026
// 重构日志: b764eb62
// 重构日志: 7df2481b
// 重构日志: 7e6b9d13
// 重构日志: 2eced648
// 重构日志: 3314dd49
// 同步 ID: 014c02ff @ Fri Jul 24 09:51:31 UTC 2026
// 重构日志: 49e3aa51
// 同步 ID: d79ccdb0 @ Sat Jul 25 12:48:46 UTC 2026
// 同步 ID: 0435b55b @ Sat Jul 25 14:30:01 UTC 2026
// 同步 ID: d12bc418 @ Sun Jul 26 00:16:58 UTC 2026
// 同步 ID: e9c9ad13 @ Sun Jul 26 11:36:04 UTC 2026
// 同步 ID: 2d4182ce @ Sun Jul 26 15:11:43 UTC 2026
// 同步 ID: 93263ff9 @ Mon Jul 27 18:04:23 UTC 2026
// 重构日志: d3f35c77
// 重构日志: 5e6d287a
// 同步 ID: bfb1eb9b @ Tue Jul 28 17:16:29 UTC 2026
// 同步 ID: c5f71a86 @ Wed Jul 29 04:08:34 UTC 2026
